---
source: crates/ansi-to-html/tests/ansi_to_html.rs
expression: converted
---
<span style='color:#a00'>Error:</span> Incompatible types
   <span style='color:#949494'>,-[</span>&lt;unknown&gt;:2:9<span style='color:#949494'>]</span>
   <span style='color:#949494'>|</span>
 <span style='color:#949494'>2 |</span> <span style='color:#b2b2b2'>    () =&gt; </span><span style='color:#0aa'>5</span><span style='color:#b2b2b2'>,</span>
 <span style='color:#585858'>  |</span>           <span style='color:#0aa'>|</span>
 <span style='color:#585858'>  |</span>           <span style='color:#0aa'>`--</span> This is of type Nat
 <span style='color:#949494'>3 |</span> <span style='color:#b2b2b2'>    () =&gt; </span><span style='color:#00a'>&quot;5&quot;</span><span style='color:#b2b2b2'>,</span>
 <span style='color:#585858'>  |</span>           <span style='color:#00a'>^|^</span>
 <span style='color:#585858'>  |</span>            <span style='color:#00a'>`---</span> This is of type Str
<span style='color:#949494'>---&#39;</span>
